Testing text extraction on dummy PDF...
node : Warning: Please use the 
`legacy` build in Node.js 
environments.
At line:1 char:1
+ node test_extraction_v2.js > 
test_output.txt 2>&1
+ ~~~~~~~~~~~~~~~~~~~~~~~~~~~~~~~~~~~~
~~~~~~~~~~~~~
    + CategoryInfo          : NotSpec 
   ified: (Warning: Please...s envir  
  onments.:String) [], RemoteExcept   
 ion
    + FullyQualifiedErrorId : NativeC 
   ommandError
 
Text extraction failed: 
ReferenceError: DOMMatrix is not 
defined
    at file:///C:/LOCAL%20DISK%20D/sem
5/IMS/backend/node_modules/pdfjs-dist/
build/pdf.mjs:10158:22
    at ModuleJobSync.runSync (node:int
ernal/modules/esm/module_job:458:37)
    at 
ModuleLoader.importSyncForRequire (nod
e:internal/modules/esm/loader:435:47)
    at loadESMFromCJS (node:internal/m
odules/cjs/loader:1537:24)
    at Module._compile (node:internal/
modules/cjs/loader:1688:5)
    at Object..js (node:internal/modul
es/cjs/loader:1839:10)
    at Module.load (node:internal/modu
les/cjs/loader:1441:32)
    at Function._load (node:internal/m
odules/cjs/loader:1263:12)
    at TracingChannel.traceSync 
(node:diagnostics_channel:322:14)
    at wrapModuleLoad (node:internal/m
odules/cjs/loader:237:24)
CRITICAL FAILURE during extraction: 
ReferenceError: DOMMatrix is not 
defined
    at file:///C:/LOCAL%20DISK%20D/sem
5/IMS/backend/node_modules/pdfjs-dist/
build/pdf.mjs:10158:22
    at ModuleJobSync.runSync (node:int
ernal/modules/esm/module_job:458:37)
    at 
ModuleLoader.importSyncForRequire (nod
e:internal/modules/esm/loader:435:47)
    at loadESMFromCJS (node:internal/m
odules/cjs/loader:1537:24)
    at Module._compile (node:internal/
modules/cjs/loader:1688:5)
    at Object..js (node:internal/modul
es/cjs/loader:1839:10)
    at Module.load (node:internal/modu
les/cjs/loader:1441:32)
    at Function._load (node:internal/m
odules/cjs/loader:1263:12)
    at TracingChannel.traceSync 
(node:diagnostics_channel:322:14)
    at wrapModuleLoad (node:internal/m
odules/cjs/loader:237:24)
